adity@DESKTOP-IKBRO1A MINGW64 ~
$ notepad test.txt

adity@DESKTOP-IKBRO1A MINGW64 ~
$ git add .
fatal: not a git repository (or any of the parent directories): .git

adity@DESKTOP-IKBRO1A MINGW64 ~
$ cd lab1-initial-setup-adah9183
bash: cd: lab1-initial-setup-adah9183: No such file or directory

adity@DESKTOP-IKBRO1A MINGW64 ~
$ cd lab1-initial-setup-cuadah9183

adity@DESKTOP-IKBRO1A MINGW64 ~/lab1-initial-setup-cuadah9183 (main)
$ git add .
warning: in the working copy of 'test.txt', LF will be replaced by CRLF the next time Git touches it

adity@DESKTOP-IKBRO1A MINGW64 ~/lab1-initial-setup-cuadah9183 (main)
$ git commit -m "Commit message goes here"
[main 97963c1] Commit message goes here
 2 files changed, 2 insertions(+)
 create mode 100644 .test.txt.swp
 create mode 100644 test.txt

adity@DESKTOP-IKBRO1A MINGW64 ~/lab1-initial-setup-cuadah9183 (main)
$ git push
Enumerating objects: 5, done.
Counting objects: 100% (5/5), done.
Delta compression using up to 16 threads
Compressing objects: 100% (3/3), done.
Writing objects: 100% (4/4), 560 bytes | 560.00 KiB/s, done.
Total 4 (delta 1), reused 0 (delta 0), pack-reused 0
remote: Resolving deltas: 100% (1/1), completed with 1 local obj
